../Core/Src/main.c:91:17:get_precision_tick	4	static
../Core/Src/main.c:97:13:precision_sleep_until	16	static,ignoring_inline_asm
../Core/Src/main.c:105:16:random_int	16	static
../Core/Src/main.c:117:16:get_battery_level	4	static
../Core/Src/main.c:129:5:main	152	static
../Core/Src/main.c:276:6:SystemClock_Config	88	static
../Core/Src/main.c:322:13:MX_RNG_Init	8	static
../Core/Src/main.c:348:13:MX_SPI3_Init	8	static
../Core/Src/main.c:386:13:MX_TIM2_Init	32	static
../Core/Src/main.c:431:13:MX_USART3_UART_Init	8	static
../Core/Src/main.c:464:13:MX_GPIO_Init	56	static
../Core/Src/main.c:593:6:HAL_GPIO_EXTI_Callback	16	static
../Core/Src/main.c:611:6:Error_Handler	4	static,ignoring_inline_asm
