../Drivers/CMSIS/Include/core_cm4.h:2064:26:ITM_SendChar	16	static,ignoring_inline_asm
../Core/Src/main.c:74:5:__io_putchar	16	static
../Core/Src/main.c:80:6:HAL_TIM_PeriodElapsedCallback	16	static
../Core/Src/main.c:133:5:main	32	static
../Core/Src/main.c:212:6:SystemClock_Config	88	static
../Core/Src/main.c:258:13:MX_ETH_Init	8	static
../Core/Src/main.c:307:13:MX_TIM3_Init	32	static
../Core/Src/main.c:352:13:MX_USART3_UART_Init	8	static
../Core/Src/main.c:385:13:MX_USB_OTG_FS_PCD_Init	8	static
../Core/Src/main.c:420:13:MX_GPIO_Init	64	static
../Core/Src/main.c:503:6:Error_Handler	4	static,ignoring_inline_asm
