../Core/Src/1wire.c:18:6:OWInit	8	static
../Core/Src/1wire.c:26:9:OWReset	24	static,ignoring_inline_asm
../Core/Src/1wire.c:42:6:OWWriteBit	32	static,ignoring_inline_asm
../Core/Src/1wire.c:59:9:OWReadBit	24	static,ignoring_inline_asm
../Core/Src/1wire.c:74:6:OWWriteByte	24	static
../Core/Src/1wire.c:84:9:OWReadByte	16	static
../Core/Src/1wire.c:96:6:OWSendCmd	32	static
../Core/Src/1wire.c:111:6:OWCRC	24	static
../Core/Src/1wire.c:127:9:OWReadRom	32	static
../Core/Src/1wire.c:146:6:OWConvertAll	8	static
../Core/Src/1wire.c:151:9:OWReadTemperature	40	static
