09:24:59 **** Build of configuration Debug for project lora ****
make -j4 all 
arm-none-eabi-gcc "../Drivers/stm32-hal-rfm95-master/lib/ideetron/AES-128_V10.c" -mcpu=cortex-m4 -std=gnu11 -g3 -DDEBUG -DRFM95_SPI_TIMEOUT=100 -DUSE_HAL_DRIVER -DSTM32F429xx -c -I../Core/Inc -I"C:/Temp/MPC-MKS/cvlor/lora/Drivers/stm32-hal-rfm95-master" -I../Drivers/STM32F4xx_HAL_Driver/Inc -I../Drivers/STM32F4xx_HAL_Driver/Inc/Legacy -I../Drivers/CMSIS/Device/ST/STM32F4xx/Include -I../Drivers/CMSIS/Include -O0 -ffunction-sections -fdata-sections -Wall -fstack-usage -fcyclomatic-complexity -MMD -MP -MF"Drivers/stm32-hal-rfm95-master/lib/ideetron/AES-128_V10.d" -MT"Drivers/stm32-hal-rfm95-master/lib/ideetron/AES-128_V10.o" --specs=nano.specs -mfpu=fpv4-sp-d16 -mfloat-abi=hard -mthumb -o "Drivers/stm32-hal-rfm95-master/lib/ideetron/AES-128_V10.o"
arm-none-eabi-gcc "../Drivers/stm32-hal-rfm95-master/lib/ideetron/Encrypt_V31.c" -mcpu=cortex-m4 -std=gnu11 -g3 -DDEBUG -DRFM95_SPI_TIMEOUT=100 -DUSE_HAL_DRIVER -DSTM32F429xx -c -I../Core/Inc -I"C:/Temp/MPC-MKS/cvlor/lora/Drivers/stm32-hal-rfm95-master" -I../Drivers/STM32F4xx_HAL_Driver/Inc -I../Drivers/STM32F4xx_HAL_Driver/Inc/Legacy -I../Drivers/CMSIS/Device/ST/STM32F4xx/Include -I../Drivers/CMSIS/Include -O0 -ffunction-sections -fdata-sections -Wall -fstack-usage -fcyclomatic-complexity -MMD -MP -MF"Drivers/stm32-hal-rfm95-master/lib/ideetron/Encrypt_V31.d" -MT"Drivers/stm32-hal-rfm95-master/lib/ideetron/Encrypt_V31.o" --specs=nano.specs -mfpu=fpv4-sp-d16 -mfloat-abi=hard -mthumb -o "Drivers/stm32-hal-rfm95-master/lib/ideetron/Encrypt_V31.o"
arm-none-eabi-gcc "../Drivers/stm32-hal-rfm95-master/rfm95.c" -mcpu=cortex-m4 -std=gnu11 -g3 -DDEBUG -DRFM95_SPI_TIMEOUT=100 -DUSE_HAL_DRIVER -DSTM32F429xx -c -I../Core/Inc -I"C:/Temp/MPC-MKS/cvlor/lora/Drivers/stm32-hal-rfm95-master" -I../Drivers/STM32F4xx_HAL_Driver/Inc -I../Drivers/STM32F4xx_HAL_Driver/Inc/Legacy -I../Drivers/CMSIS/Device/ST/STM32F4xx/Include -I../Drivers/CMSIS/Include -O0 -ffunction-sections -fdata-sections -Wall -fstack-usage -fcyclomatic-complexity -MMD -MP -MF"Drivers/stm32-hal-rfm95-master/rfm95.d" -MT"Drivers/stm32-hal-rfm95-master/rfm95.o" --specs=nano.specs -mfpu=fpv4-sp-d16 -mfloat-abi=hard -mthumb -o "Drivers/stm32-hal-rfm95-master/rfm95.o"
arm-none-eabi-gcc "../Drivers/STM32F4xx_HAL_Driver/Src/stm32f4xx_hal.c" -mcpu=cortex-m4 -std=gnu11 -g3 -DDEBUG -DRFM95_SPI_TIMEOUT=100 -DUSE_HAL_DRIVER -DSTM32F429xx -c -I../Core/Inc -I"C:/Temp/MPC-MKS/cvlor/lora/Drivers/stm32-hal-rfm95-master" -I../Drivers/STM32F4xx_HAL_Driver/Inc -I../Drivers/STM32F4xx_HAL_Driver/Inc/Legacy -I../Drivers/CMSIS/Device/ST/STM32F4xx/Include -I../Drivers/CMSIS/Include -O0 -ffunction-sections -fdata-sections -Wall -fstack-usage -fcyclomatic-complexity -MMD -MP -MF"Drivers/STM32F4xx_HAL_Driver/Src/stm32f4xx_hal.d" -MT"Drivers/STM32F4xx_HAL_Driver/Src/stm32f4xx_hal.o" --specs=nano.specs -mfpu=fpv4-sp-d16 -mfloat-abi=hard -mthumb -o "Drivers/STM32F4xx_HAL_Driver/Src/stm32f4xx_hal.o"
arm-none-eabi-gcc "../Drivers/STM32F4xx_HAL_Driver/Src/stm32f4xx_hal_cortex.c" -mcpu=cortex-m4 -std=gnu11 -g3 -DDEBUG -DRFM95_SPI_TIMEOUT=100 -DUSE_HAL_DRIVER -DSTM32F429xx -c -I../Core/Inc -I"C:/Temp/MPC-MKS/cvlor/lora/Drivers/stm32-hal-rfm95-master" -I../Drivers/STM32F4xx_HAL_Driver/Inc -I../Drivers/STM32F4xx_HAL_Driver/Inc/Legacy -I../Drivers/CMSIS/Device/ST/STM32F4xx/Include -I../Drivers/CMSIS/Include -O0 -ffunction-sections -fdata-sections -Wall -fstack-usage -fcyclomatic-complexity -MMD -MP -MF"Drivers/STM32F4xx_HAL_Driver/Src/stm32f4xx_hal_cortex.d" -MT"Drivers/STM32F4xx_HAL_Driver/Src/stm32f4xx_hal_cortex.o" --specs=nano.specs -mfpu=fpv4-sp-d16 -mfloat-abi=hard -mthumb -o "Drivers/STM32F4xx_HAL_Driver/Src/stm32f4xx_hal_cortex.o"
arm-none-eabi-gcc "../Drivers/STM32F4xx_HAL_Driver/Src/stm32f4xx_hal_dma.c" -mcpu=cortex-m4 -std=gnu11 -g3 -DDEBUG -DRFM95_SPI_TIMEOUT=100 -DUSE_HAL_DRIVER -DSTM32F429xx -c -I../Core/Inc -I"C:/Temp/MPC-MKS/cvlor/lora/Drivers/stm32-hal-rfm95-master" -I../Drivers/STM32F4xx_HAL_Driver/Inc -I../Drivers/STM32F4xx_HAL_Driver/Inc/Legacy -I../Drivers/CMSIS/Device/ST/STM32F4xx/Include -I../Drivers/CMSIS/Include -O0 -ffunction-sections -fdata-sections -Wall -fstack-usage -fcyclomatic-complexity -MMD -MP -MF"Drivers/STM32F4xx_HAL_Driver/Src/stm32f4xx_hal_dma.d" -MT"Drivers/STM32F4xx_HAL_Driver/Src/stm32f4xx_hal_dma.o" --specs=nano.specs -mfpu=fpv4-sp-d16 -mfloat-abi=hard -mthumb -o "Drivers/STM32F4xx_HAL_Driver/Src/stm32f4xx_hal_dma.o"
../Drivers/stm32-hal-rfm95-master/rfm95.c: In function 'process_mac_commands':
../Drivers/stm32-hal-rfm95-master/rfm95.c:314:42: warning: unused variable 'frequency' [-Wunused-variable]
  314 |                                 uint32_t frequency = (frequency_lsb | (frequency_msb << 8) | (frequency_hsb << 16)) * 100;
      |                                          ^~~~~~~~~
../Drivers/stm32-hal-rfm95-master/rfm95.c:310:41: warning: unused variable 'dl_settings' [-Wunused-variable]
  310 |                                 uint8_t dl_settings = frame_payload[index++];
      |                                         ^~~~~~~~~~~
arm-none-eabi-gcc "../Drivers/STM32F4xx_HAL_Driver/Src/stm32f4xx_hal_dma_ex.c" -mcpu=cortex-m4 -std=gnu11 -g3 -DDEBUG -DRFM95_SPI_TIMEOUT=100 -DUSE_HAL_DRIVER -DSTM32F429xx -c -I../Core/Inc -I"C:/Temp/MPC-MKS/cvlor/lora/Drivers/stm32-hal-rfm95-master" -I../Drivers/STM32F4xx_HAL_Driver/Inc -I../Drivers/STM32F4xx_HAL_Driver/Inc/Legacy -I../Drivers/CMSIS/Device/ST/STM32F4xx/Include -I../Drivers/CMSIS/Include -O0 -ffunction-sections -fdata-sections -Wall -fstack-usage -fcyclomatic-complexity -MMD -MP -MF"Drivers/STM32F4xx_HAL_Driver/Src/stm32f4xx_hal_dma_ex.d" -MT"Drivers/STM32F4xx_HAL_Driver/Src/stm32f4xx_hal_dma_ex.o" --specs=nano.specs -mfpu=fpv4-sp-d16 -mfloat-abi=hard -mthumb -o "Drivers/STM32F4xx_HAL_Driver/Src/stm32f4xx_hal_dma_ex.o"
arm-none-eabi-gcc "../Drivers/STM32F4xx_HAL_Driver/Src/stm32f4xx_hal_exti.c" -mcpu=cortex-m4 -std=gnu11 -g3 -DDEBUG -DRFM95_SPI_TIMEOUT=100 -DUSE_HAL_DRIVER -DSTM32F429xx -c -I../Core/Inc -I"C:/Temp/MPC-MKS/cvlor/lora/Drivers/stm32-hal-rfm95-master" -I../Drivers/STM32F4xx_HAL_Driver/Inc -I../Drivers/STM32F4xx_HAL_Driver/Inc/Legacy -I../Drivers/CMSIS/Device/ST/STM32F4xx/Include -I../Drivers/CMSIS/Include -O0 -ffunction-sections -fdata-sections -Wall -fstack-usage -fcyclomatic-complexity -MMD -MP -MF"Drivers/STM32F4xx_HAL_Driver/Src/stm32f4xx_hal_exti.d" -MT"Drivers/STM32F4xx_HAL_Driver/Src/stm32f4xx_hal_exti.o" --specs=nano.specs -mfpu=fpv4-sp-d16 -mfloat-abi=hard -mthumb -o "Drivers/STM32F4xx_HAL_Driver/Src/stm32f4xx_hal_exti.o"
arm-none-eabi-gcc "../Drivers/STM32F4xx_HAL_Driver/Src/stm32f4xx_hal_flash.c" -mcpu=cortex-m4 -std=gnu11 -g3 -DDEBUG -DRFM95_SPI_TIMEOUT=100 -DUSE_HAL_DRIVER -DSTM32F429xx -c -I../Core/Inc -I"C:/Temp/MPC-MKS/cvlor/lora/Drivers/stm32-hal-rfm95-master" -I../Drivers/STM32F4xx_HAL_Driver/Inc -I../Drivers/STM32F4xx_HAL_Driver/Inc/Legacy -I../Drivers/CMSIS/Device/ST/STM32F4xx/Include -I../Drivers/CMSIS/Include -O0 -ffunction-sections -fdata-sections -Wall -fstack-usage -fcyclomatic-complexity -MMD -MP -MF"Drivers/STM32F4xx_HAL_Driver/Src/stm32f4xx_hal_flash.d" -MT"Drivers/STM32F4xx_HAL_Driver/Src/stm32f4xx_hal_flash.o" --specs=nano.specs -mfpu=fpv4-sp-d16 -mfloat-abi=hard -mthumb -o "Drivers/STM32F4xx_HAL_Driver/Src/stm32f4xx_hal_flash.o"
arm-none-eabi-gcc "../Drivers/STM32F4xx_HAL_Driver/Src/stm32f4xx_hal_flash_ex.c" -mcpu=cortex-m4 -std=gnu11 -g3 -DDEBUG -DRFM95_SPI_TIMEOUT=100 -DUSE_HAL_DRIVER -DSTM32F429xx -c -I../Core/Inc -I"C:/Temp/MPC-MKS/cvlor/lora/Drivers/stm32-hal-rfm95-master" -I../Drivers/STM32F4xx_HAL_Driver/Inc -I../Drivers/STM32F4xx_HAL_Driver/Inc/Legacy -I../Drivers/CMSIS/Device/ST/STM32F4xx/Include -I../Drivers/CMSIS/Include -O0 -ffunction-sections -fdata-sections -Wall -fstack-usage -fcyclomatic-complexity -MMD -MP -MF"Drivers/STM32F4xx_HAL_Driver/Src/stm32f4xx_hal_flash_ex.d" -MT"Drivers/STM32F4xx_HAL_Driver/Src/stm32f4xx_hal_flash_ex.o" --specs=nano.specs -mfpu=fpv4-sp-d16 -mfloat-abi=hard -mthumb -o "Drivers/STM32F4xx_HAL_Driver/Src/stm32f4xx_hal_flash_ex.o"
arm-none-eabi-gcc "../Drivers/STM32F4xx_HAL_Driver/Src/stm32f4xx_hal_flash_ramfunc.c" -mcpu=cortex-m4 -std=gnu11 -g3 -DDEBUG -DRFM95_SPI_TIMEOUT=100 -DUSE_HAL_DRIVER -DSTM32F429xx -c -I../Core/Inc -I"C:/Temp/MPC-MKS/cvlor/lora/Drivers/stm32-hal-rfm95-master" -I../Drivers/STM32F4xx_HAL_Driver/Inc -I../Drivers/STM32F4xx_HAL_Driver/Inc/Legacy -I../Drivers/CMSIS/Device/ST/STM32F4xx/Include -I../Drivers/CMSIS/Include -O0 -ffunction-sections -fdata-sections -Wall -fstack-usage -fcyclomatic-complexity -MMD -MP -MF"Drivers/STM32F4xx_HAL_Driver/Src/stm32f4xx_hal_flash_ramfunc.d" -MT"Drivers/STM32F4xx_HAL_Driver/Src/stm32f4xx_hal_flash_ramfunc.o" --specs=nano.specs -mfpu=fpv4-sp-d16 -mfloat-abi=hard -mthumb -o "Drivers/STM32F4xx_HAL_Driver/Src/stm32f4xx_hal_flash_ramfunc.o"
arm-none-eabi-gcc "../Drivers/STM32F4xx_HAL_Driver/Src/stm32f4xx_hal_gpio.c" -mcpu=cortex-m4 -std=gnu11 -g3 -DDEBUG -DRFM95_SPI_TIMEOUT=100 -DUSE_HAL_DRIVER -DSTM32F429xx -c -I../Core/Inc -I"C:/Temp/MPC-MKS/cvlor/lora/Drivers/stm32-hal-rfm95-master" -I../Drivers/STM32F4xx_HAL_Driver/Inc -I../Drivers/STM32F4xx_HAL_Driver/Inc/Legacy -I../Drivers/CMSIS/Device/ST/STM32F4xx/Include -I../Drivers/CMSIS/Include -O0 -ffunction-sections -fdata-sections -Wall -fstack-usage -fcyclomatic-complexity -MMD -MP -MF"Drivers/STM32F4xx_HAL_Driver/Src/stm32f4xx_hal_gpio.d" -MT"Drivers/STM32F4xx_HAL_Driver/Src/stm32f4xx_hal_gpio.o" --specs=nano.specs -mfpu=fpv4-sp-d16 -mfloat-abi=hard -mthumb -o "Drivers/STM32F4xx_HAL_Driver/Src/stm32f4xx_hal_gpio.o"
arm-none-eabi-gcc "../Drivers/STM32F4xx_HAL_Driver/Src/stm32f4xx_hal_pwr.c" -mcpu=cortex-m4 -std=gnu11 -g3 -DDEBUG -DRFM95_SPI_TIMEOUT=100 -DUSE_HAL_DRIVER -DSTM32F429xx -c -I../Core/Inc -I"C:/Temp/MPC-MKS/cvlor/lora/Drivers/stm32-hal-rfm95-master" -I../Drivers/STM32F4xx_HAL_Driver/Inc -I../Drivers/STM32F4xx_HAL_Driver/Inc/Legacy -I../Drivers/CMSIS/Device/ST/STM32F4xx/Include -I../Drivers/CMSIS/Include -O0 -ffunction-sections -fdata-sections -Wall -fstack-usage -fcyclomatic-complexity -MMD -MP -MF"Drivers/STM32F4xx_HAL_Driver/Src/stm32f4xx_hal_pwr.d" -MT"Drivers/STM32F4xx_HAL_Driver/Src/stm32f4xx_hal_pwr.o" --specs=nano.specs -mfpu=fpv4-sp-d16 -mfloat-abi=hard -mthumb -o "Drivers/STM32F4xx_HAL_Driver/Src/stm32f4xx_hal_pwr.o"
arm-none-eabi-gcc "../Drivers/STM32F4xx_HAL_Driver/Src/stm32f4xx_hal_pwr_ex.c" -mcpu=cortex-m4 -std=gnu11 -g3 -DDEBUG -DRFM95_SPI_TIMEOUT=100 -DUSE_HAL_DRIVER -DSTM32F429xx -c -I../Core/Inc -I"C:/Temp/MPC-MKS/cvlor/lora/Drivers/stm32-hal-rfm95-master" -I../Drivers/STM32F4xx_HAL_Driver/Inc -I../Drivers/STM32F4xx_HAL_Driver/Inc/Legacy -I../Drivers/CMSIS/Device/ST/STM32F4xx/Include -I../Drivers/CMSIS/Include -O0 -ffunction-sections -fdata-sections -Wall -fstack-usage -fcyclomatic-complexity -MMD -MP -MF"Drivers/STM32F4xx_HAL_Driver/Src/stm32f4xx_hal_pwr_ex.d" -MT"Drivers/STM32F4xx_HAL_Driver/Src/stm32f4xx_hal_pwr_ex.o" --specs=nano.specs -mfpu=fpv4-sp-d16 -mfloat-abi=hard -mthumb -o "Drivers/STM32F4xx_HAL_Driver/Src/stm32f4xx_hal_pwr_ex.o"
arm-none-eabi-gcc "../Drivers/STM32F4xx_HAL_Driver/Src/stm32f4xx_hal_rcc.c" -mcpu=cortex-m4 -std=gnu11 -g3 -DDEBUG -DRFM95_SPI_TIMEOUT=100 -DUSE_HAL_DRIVER -DSTM32F429xx -c -I../Core/Inc -I"C:/Temp/MPC-MKS/cvlor/lora/Drivers/stm32-hal-rfm95-master" -I../Drivers/STM32F4xx_HAL_Driver/Inc -I../Drivers/STM32F4xx_HAL_Driver/Inc/Legacy -I../Drivers/CMSIS/Device/ST/STM32F4xx/Include -I../Drivers/CMSIS/Include -O0 -ffunction-sections -fdata-sections -Wall -fstack-usage -fcyclomatic-complexity -MMD -MP -MF"Drivers/STM32F4xx_HAL_Driver/Src/stm32f4xx_hal_rcc.d" -MT"Drivers/STM32F4xx_HAL_Driver/Src/stm32f4xx_hal_rcc.o" --specs=nano.specs -mfpu=fpv4-sp-d16 -mfloat-abi=hard -mthumb -o "Drivers/STM32F4xx_HAL_Driver/Src/stm32f4xx_hal_rcc.o"
arm-none-eabi-gcc "../Drivers/STM32F4xx_HAL_Driver/Src/stm32f4xx_hal_rcc_ex.c" -mcpu=cortex-m4 -std=gnu11 -g3 -DDEBUG -DRFM95_SPI_TIMEOUT=100 -DUSE_HAL_DRIVER -DSTM32F429xx -c -I../Core/Inc -I"C:/Temp/MPC-MKS/cvlor/lora/Drivers/stm32-hal-rfm95-master" -I../Drivers/STM32F4xx_HAL_Driver/Inc -I../Drivers/STM32F4xx_HAL_Driver/Inc/Legacy -I../Drivers/CMSIS/Device/ST/STM32F4xx/Include -I../Drivers/CMSIS/Include -O0 -ffunction-sections -fdata-sections -Wall -fstack-usage -fcyclomatic-complexity -MMD -MP -MF"Drivers/STM32F4xx_HAL_Driver/Src/stm32f4xx_hal_rcc_ex.d" -MT"Drivers/STM32F4xx_HAL_Driver/Src/stm32f4xx_hal_rcc_ex.o" --specs=nano.specs -mfpu=fpv4-sp-d16 -mfloat-abi=hard -mthumb -o "Drivers/STM32F4xx_HAL_Driver/Src/stm32f4xx_hal_rcc_ex.o"
arm-none-eabi-gcc "../Drivers/STM32F4xx_HAL_Driver/Src/stm32f4xx_hal_rng.c" -mcpu=cortex-m4 -std=gnu11 -g3 -DDEBUG -DRFM95_SPI_TIMEOUT=100 -DUSE_HAL_DRIVER -DSTM32F429xx -c -I../Core/Inc -I"C:/Temp/MPC-MKS/cvlor/lora/Drivers/stm32-hal-rfm95-master" -I../Drivers/STM32F4xx_HAL_Driver/Inc -I../Drivers/STM32F4xx_HAL_Driver/Inc/Legacy -I../Drivers/CMSIS/Device/ST/STM32F4xx/Include -I../Drivers/CMSIS/Include -O0 -ffunction-sections -fdata-sections -Wall -fstack-usage -fcyclomatic-complexity -MMD -MP -MF"Drivers/STM32F4xx_HAL_Driver/Src/stm32f4xx_hal_rng.d" -MT"Drivers/STM32F4xx_HAL_Driver/Src/stm32f4xx_hal_rng.o" --specs=nano.specs -mfpu=fpv4-sp-d16 -mfloat-abi=hard -mthumb -o "Drivers/STM32F4xx_HAL_Driver/Src/stm32f4xx_hal_rng.o"
arm-none-eabi-gcc "../Drivers/STM32F4xx_HAL_Driver/Src/stm32f4xx_hal_spi.c" -mcpu=cortex-m4 -std=gnu11 -g3 -DDEBUG -DRFM95_SPI_TIMEOUT=100 -DUSE_HAL_DRIVER -DSTM32F429xx -c -I../Core/Inc -I"C:/Temp/MPC-MKS/cvlor/lora/Drivers/stm32-hal-rfm95-master" -I../Drivers/STM32F4xx_HAL_Driver/Inc -I../Drivers/STM32F4xx_HAL_Driver/Inc/Legacy -I../Drivers/CMSIS/Device/ST/STM32F4xx/Include -I../Drivers/CMSIS/Include -O0 -ffunction-sections -fdata-sections -Wall -fstack-usage -fcyclomatic-complexity -MMD -MP -MF"Drivers/STM32F4xx_HAL_Driver/Src/stm32f4xx_hal_spi.d" -MT"Drivers/STM32F4xx_HAL_Driver/Src/stm32f4xx_hal_spi.o" --specs=nano.specs -mfpu=fpv4-sp-d16 -mfloat-abi=hard -mthumb -o "Drivers/STM32F4xx_HAL_Driver/Src/stm32f4xx_hal_spi.o"
arm-none-eabi-gcc "../Drivers/STM32F4xx_HAL_Driver/Src/stm32f4xx_hal_tim.c" -mcpu=cortex-m4 -std=gnu11 -g3 -DDEBUG -DRFM95_SPI_TIMEOUT=100 -DUSE_HAL_DRIVER -DSTM32F429xx -c -I../Core/Inc -I"C:/Temp/MPC-MKS/cvlor/lora/Drivers/stm32-hal-rfm95-master" -I../Drivers/STM32F4xx_HAL_Driver/Inc -I../Drivers/STM32F4xx_HAL_Driver/Inc/Legacy -I../Drivers/CMSIS/Device/ST/STM32F4xx/Include -I../Drivers/CMSIS/Include -O0 -ffunction-sections -fdata-sections -Wall -fstack-usage -fcyclomatic-complexity -MMD -MP -MF"Drivers/STM32F4xx_HAL_Driver/Src/stm32f4xx_hal_tim.d" -MT"Drivers/STM32F4xx_HAL_Driver/Src/stm32f4xx_hal_tim.o" --specs=nano.specs -mfpu=fpv4-sp-d16 -mfloat-abi=hard -mthumb -o "Drivers/STM32F4xx_HAL_Driver/Src/stm32f4xx_hal_tim.o"
arm-none-eabi-gcc "../Drivers/STM32F4xx_HAL_Driver/Src/stm32f4xx_hal_tim_ex.c" -mcpu=cortex-m4 -std=gnu11 -g3 -DDEBUG -DRFM95_SPI_TIMEOUT=100 -DUSE_HAL_DRIVER -DSTM32F429xx -c -I../Core/Inc -I"C:/Temp/MPC-MKS/cvlor/lora/Drivers/stm32-hal-rfm95-master" -I../Drivers/STM32F4xx_HAL_Driver/Inc -I../Drivers/STM32F4xx_HAL_Driver/Inc/Legacy -I../Drivers/CMSIS/Device/ST/STM32F4xx/Include -I../Drivers/CMSIS/Include -O0 -ffunction-sections -fdata-sections -Wall -fstack-usage -fcyclomatic-complexity -MMD -MP -MF"Drivers/STM32F4xx_HAL_Driver/Src/stm32f4xx_hal_tim_ex.d" -MT"Drivers/STM32F4xx_HAL_Driver/Src/stm32f4xx_hal_tim_ex.o" --specs=nano.specs -mfpu=fpv4-sp-d16 -mfloat-abi=hard -mthumb -o "Drivers/STM32F4xx_HAL_Driver/Src/stm32f4xx_hal_tim_ex.o"
arm-none-eabi-gcc "../Drivers/STM32F4xx_HAL_Driver/Src/stm32f4xx_hal_uart.c" -mcpu=cortex-m4 -std=gnu11 -g3 -DDEBUG -DRFM95_SPI_TIMEOUT=100 -DUSE_HAL_DRIVER -DSTM32F429xx -c -I../Core/Inc -I"C:/Temp/MPC-MKS/cvlor/lora/Drivers/stm32-hal-rfm95-master" -I../Drivers/STM32F4xx_HAL_Driver/Inc -I../Drivers/STM32F4xx_HAL_Driver/Inc/Legacy -I../Drivers/CMSIS/Device/ST/STM32F4xx/Include -I../Drivers/CMSIS/Include -O0 -ffunction-sections -fdata-sections -Wall -fstack-usage -fcyclomatic-complexity -MMD -MP -MF"Drivers/STM32F4xx_HAL_Driver/Src/stm32f4xx_hal_uart.d" -MT"Drivers/STM32F4xx_HAL_Driver/Src/stm32f4xx_hal_uart.o" --specs=nano.specs -mfpu=fpv4-sp-d16 -mfloat-abi=hard -mthumb -o "Drivers/STM32F4xx_HAL_Driver/Src/stm32f4xx_hal_uart.o"
arm-none-eabi-gcc -mcpu=cortex-m4 -g3 -DDEBUG -c -x assembler-with-cpp -MMD -MP -MF"Core/Startup/startup_stm32f429zitx.d" -MT"Core/Startup/startup_stm32f429zitx.o" --specs=nano.specs -mfpu=fpv4-sp-d16 -mfloat-abi=hard -mthumb -o "Core/Startup/startup_stm32f429zitx.o" "../Core/Startup/startup_stm32f429zitx.s"
arm-none-eabi-gcc "../Core/Src/main.c" -mcpu=cortex-m4 -std=gnu11 -g3 -DDEBUG -DRFM95_SPI_TIMEOUT=100 -DUSE_HAL_DRIVER -DSTM32F429xx -c -I../Core/Inc -I"C:/Temp/MPC-MKS/cvlor/lora/Drivers/stm32-hal-rfm95-master" -I../Drivers/STM32F4xx_HAL_Driver/Inc -I../Drivers/STM32F4xx_HAL_Driver/Inc/Legacy -I../Drivers/CMSIS/Device/ST/STM32F4xx/Include -I../Drivers/CMSIS/Include -O0 -ffunction-sections -fdata-sections -Wall -fstack-usage -fcyclomatic-complexity -MMD -MP -MF"Core/Src/main.d" -MT"Core/Src/main.o" --specs=nano.specs -mfpu=fpv4-sp-d16 -mfloat-abi=hard -mthumb -o "Core/Src/main.o"
arm-none-eabi-gcc "../Core/Src/rfm95.c" -mcpu=cortex-m4 -std=gnu11 -g3 -DDEBUG -DRFM95_SPI_TIMEOUT=100 -DUSE_HAL_DRIVER -DSTM32F429xx -c -I../Core/Inc -I"C:/Temp/MPC-MKS/cvlor/lora/Drivers/stm32-hal-rfm95-master" -I../Drivers/STM32F4xx_HAL_Driver/Inc -I../Drivers/STM32F4xx_HAL_Driver/Inc/Legacy -I../Drivers/CMSIS/Device/ST/STM32F4xx/Include -I../Drivers/CMSIS/Include -O0 -ffunction-sections -fdata-sections -Wall -fstack-usage -fcyclomatic-complexity -MMD -MP -MF"Core/Src/rfm95.d" -MT"Core/Src/rfm95.o" --specs=nano.specs -mfpu=fpv4-sp-d16 -mfloat-abi=hard -mthumb -o "Core/Src/rfm95.o"
arm-none-eabi-gcc "../Core/Src/stm32f4xx_hal_msp.c" -mcpu=cortex-m4 -std=gnu11 -g3 -DDEBUG -DRFM95_SPI_TIMEOUT=100 -DUSE_HAL_DRIVER -DSTM32F429xx -c -I../Core/Inc -I"C:/Temp/MPC-MKS/cvlor/lora/Drivers/stm32-hal-rfm95-master" -I../Drivers/STM32F4xx_HAL_Driver/Inc -I../Drivers/STM32F4xx_HAL_Driver/Inc/Legacy -I../Drivers/CMSIS/Device/ST/STM32F4xx/Include -I../Drivers/CMSIS/Include -O0 -ffunction-sections -fdata-sections -Wall -fstack-usage -fcyclomatic-complexity -MMD -MP -MF"Core/Src/stm32f4xx_hal_msp.d" -MT"Core/Src/stm32f4xx_hal_msp.o" --specs=nano.specs -mfpu=fpv4-sp-d16 -mfloat-abi=hard -mthumb -o "Core/Src/stm32f4xx_hal_msp.o"
arm-none-eabi-gcc "../Core/Src/stm32f4xx_it.c" -mcpu=cortex-m4 -std=gnu11 -g3 -DDEBUG -DRFM95_SPI_TIMEOUT=100 -DUSE_HAL_DRIVER -DSTM32F429xx -c -I../Core/Inc -I"C:/Temp/MPC-MKS/cvlor/lora/Drivers/stm32-hal-rfm95-master" -I../Drivers/STM32F4xx_HAL_Driver/Inc -I../Drivers/STM32F4xx_HAL_Driver/Inc/Legacy -I../Drivers/CMSIS/Device/ST/STM32F4xx/Include -I../Drivers/CMSIS/Include -O0 -ffunction-sections -fdata-sections -Wall -fstack-usage -fcyclomatic-complexity -MMD -MP -MF"Core/Src/stm32f4xx_it.d" -MT"Core/Src/stm32f4xx_it.o" --specs=nano.specs -mfpu=fpv4-sp-d16 -mfloat-abi=hard -mthumb -o "Core/Src/stm32f4xx_it.o"
arm-none-eabi-gcc "../Core/Src/syscalls.c" -mcpu=cortex-m4 -std=gnu11 -g3 -DDEBUG -DRFM95_SPI_TIMEOUT=100 -DUSE_HAL_DRIVER -DSTM32F429xx -c -I../Core/Inc -I"C:/Temp/MPC-MKS/cvlor/lora/Drivers/stm32-hal-rfm95-master" -I../Drivers/STM32F4xx_HAL_Driver/Inc -I../Drivers/STM32F4xx_HAL_Driver/Inc/Legacy -I../Drivers/CMSIS/Device/ST/STM32F4xx/Include -I../Drivers/CMSIS/Include -O0 -ffunction-sections -fdata-sections -Wall -fstack-usage -fcyclomatic-complexity -MMD -MP -MF"Core/Src/syscalls.d" -MT"Core/Src/syscalls.o" --specs=nano.specs -mfpu=fpv4-sp-d16 -mfloat-abi=hard -mthumb -o "Core/Src/syscalls.o"
../Core/Src/rfm95.c: In function 'process_mac_commands':
../Core/Src/rfm95.c:314:42: warning: unused variable 'frequency' [-Wunused-variable]
  314 |                                 uint32_t frequency = (frequency_lsb | (frequency_msb << 8) | (frequency_hsb << 16)) * 100;
      |                                          ^~~~~~~~~
../Core/Src/rfm95.c:310:41: warning: unused variable 'dl_settings' [-Wunused-variable]
  310 |                                 uint8_t dl_settings = frame_payload[index++];
      |                                         ^~~~~~~~~~~
arm-none-eabi-gcc "../Core/Src/sysmem.c" -mcpu=cortex-m4 -std=gnu11 -g3 -DDEBUG -DRFM95_SPI_TIMEOUT=100 -DUSE_HAL_DRIVER -DSTM32F429xx -c -I../Core/Inc -I"C:/Temp/MPC-MKS/cvlor/lora/Drivers/stm32-hal-rfm95-master" -I../Drivers/STM32F4xx_HAL_Driver/Inc -I../Drivers/STM32F4xx_HAL_Driver/Inc/Legacy -I../Drivers/CMSIS/Device/ST/STM32F4xx/Include -I../Drivers/CMSIS/Include -O0 -ffunction-sections -fdata-sections -Wall -fstack-usage -fcyclomatic-complexity -MMD -MP -MF"Core/Src/sysmem.d" -MT"Core/Src/sysmem.o" --specs=nano.specs -mfpu=fpv4-sp-d16 -mfloat-abi=hard -mthumb -o "Core/Src/sysmem.o"
arm-none-eabi-gcc "../Core/Src/system_stm32f4xx.c" -mcpu=cortex-m4 -std=gnu11 -g3 -DDEBUG -DRFM95_SPI_TIMEOUT=100 -DUSE_HAL_DRIVER -DSTM32F429xx -c -I../Core/Inc -I"C:/Temp/MPC-MKS/cvlor/lora/Drivers/stm32-hal-rfm95-master" -I../Drivers/STM32F4xx_HAL_Driver/Inc -I../Drivers/STM32F4xx_HAL_Driver/Inc/Legacy -I../Drivers/CMSIS/Device/ST/STM32F4xx/Include -I../Drivers/CMSIS/Include -O0 -ffunction-sections -fdata-sections -Wall -fstack-usage -fcyclomatic-complexity -MMD -MP -MF"Core/Src/system_stm32f4xx.d" -MT"Core/Src/system_stm32f4xx.o" --specs=nano.specs -mfpu=fpv4-sp-d16 -mfloat-abi=hard -mthumb -o "Core/Src/system_stm32f4xx.o"
arm-none-eabi-gcc -o "lora.elf" @"objects.list"   -mcpu=cortex-m4 -T"C:\Temp\MPC-MKS\cvlor\lora\STM32F429ZITX_FLASH.ld" --specs=nosys.specs -Wl,-Map="lora.map" -Wl,--gc-sections -static --specs=nano.specs -mfpu=fpv4-sp-d16 -mfloat-abi=hard -mthumb -Wl,--start-group -lc -lm -Wl,--end-group
C:/appz/ST/STM32CubeIDE_1.10.1/STM32CubeIDE/plugins/com.st.stm32cube.ide.mcu.externaltools.gnu-tools-for-stm32.13.3.rel1.win32_1.0.0.202411081344/tools/bin/../lib/gcc/arm-none-eabi/13.3.1/../../../../arm-none-eabi/bin/ld.exe: ./Drivers/stm32-hal-rfm95-master/rfm95.o: in function `rfm95_set_power':
C:/Temp/MPC-MKS/cvlor/lora/Debug/../Drivers/stm32-hal-rfm95-master/rfm95.c:180: multiple definition of `rfm95_set_power'; ./Core/Src/rfm95.o:C:/Temp/MPC-MKS/cvlor/lora/Debug/../Core/Src/rfm95.c:180: first defined here
C:/appz/ST/STM32CubeIDE_1.10.1/STM32CubeIDE/plugins/com.st.stm32cube.ide.mcu.externaltools.gnu-tools-for-stm32.13.3.rel1.win32_1.0.0.202411081344/tools/bin/../lib/gcc/arm-none-eabi/13.3.1/../../../../arm-none-eabi/bin/ld.exe: ./Drivers/stm32-hal-rfm95-master/rfm95.o: in function `rfm95_init':
C:/Temp/MPC-MKS/cvlor/lora/Debug/../Drivers/stm32-hal-rfm95-master/rfm95.c:206: multiple definition of `rfm95_init'; ./Core/Src/rfm95.o:C:/Temp/MPC-MKS/cvlor/lora/Debug/../Core/Src/rfm95.c:206: first defined here
C:/appz/ST/STM32CubeIDE_1.10.1/STM32CubeIDE/plugins/com.st.stm32cube.ide.mcu.externaltools.gnu-tools-for-stm32.13.3.rel1.win32_1.0.0.202411081344/tools/bin/../lib/gcc/arm-none-eabi/13.3.1/../../../../arm-none-eabi/bin/ld.exe: ./Drivers/stm32-hal-rfm95-master/rfm95.o: in function `rfm95_send_receive_cycle':
C:/Temp/MPC-MKS/cvlor/lora/Debug/../Drivers/stm32-hal-rfm95-master/rfm95.c:711: multiple definition of `rfm95_send_receive_cycle'; ./Core/Src/rfm95.o:C:/Temp/MPC-MKS/cvlor/lora/Debug/../Core/Src/rfm95.c:711: first defined here
C:/appz/ST/STM32CubeIDE_1.10.1/STM32CubeIDE/plugins/com.st.stm32cube.ide.mcu.externaltools.gnu-tools-for-stm32.13.3.rel1.win32_1.0.0.202411081344/tools/bin/../lib/gcc/arm-none-eabi/13.3.1/../../../../arm-none-eabi/bin/ld.exe: ./Drivers/stm32-hal-rfm95-master/rfm95.o: in function `rfm95_on_interrupt':
C:/Temp/MPC-MKS/cvlor/lora/Debug/../Drivers/stm32-hal-rfm95-master/rfm95.c:794: multiple definition of `rfm95_on_interrupt'; ./Core/Src/rfm95.o:C:/Temp/MPC-MKS/cvlor/lora/Debug/../Core/Src/rfm95.c:794: first defined here
collect2.exe: error: ld returned 1 exit status
make: *** [makefile:66: lora.elf] Error 1
"make -j4 all" terminated with exit code 2. Build might be incomplete.
09:27:36 **** Incremental Build of configuration Debug for project lora ****
make -j4 all 
arm-none-eabi-gcc "../Core/Src/rfm95.c" -mcpu=cortex-m4 -std=gnu11 -g3 -DDEBUG -DRFM95_SPI_TIMEOUT=100 -DUSE_HAL_DRIVER -DSTM32F429xx -c -I../Core/Inc -I"C:/Temp/MPC-MKS/cvlor/lora/Drivers/stm32-hal-rfm95-master" -I../Drivers/STM32F4xx_HAL_Driver/Inc -I../Drivers/STM32F4xx_HAL_Driver/Inc/Legacy -I../Drivers/CMSIS/Device/ST/STM32F4xx/Include -I../Drivers/CMSIS/Include -O0 -ffunction-sections -fdata-sections -Wall -fstack-usage -fcyclomatic-complexity -MMD -MP -MF"Core/Src/rfm95.d" -MT"Core/Src/rfm95.o" --specs=nano.specs -mfpu=fpv4-sp-d16 -mfloat-abi=hard -mthumb -o "Core/Src/rfm95.o"
../Core/Src/rfm95.c: In function 'process_mac_commands':
../Core/Src/rfm95.c:314:42: warning: unused variable 'frequency' [-Wunused-variable]
  314 |                                 uint32_t frequency = (frequency_lsb | (frequency_msb << 8) | (frequency_hsb << 16)) * 100;
      |                                          ^~~~~~~~~
../Core/Src/rfm95.c:310:41: warning: unused variable 'dl_settings' [-Wunused-variable]
  310 |                                 uint8_t dl_settings = frame_payload[index++];
      |                                         ^~~~~~~~~~~
arm-none-eabi-gcc -o "lora.elf" @"objects.list"   -mcpu=cortex-m4 -T"C:\Temp\MPC-MKS\cvlor\lora\STM32F429ZITX_FLASH.ld" --specs=nosys.specs -Wl,-Map="lora.map" -Wl,--gc-sections -static --specs=nano.specs -mfpu=fpv4-sp-d16 -mfloat-abi=hard -mthumb -Wl,--start-group -lc -lm -Wl,--end-group
C:/appz/ST/STM32CubeIDE_1.10.1/STM32CubeIDE/plugins/com.st.stm32cube.ide.mcu.externaltools.gnu-tools-for-stm32.13.3.rel1.win32_1.0.0.202411081344/tools/bin/../lib/gcc/arm-none-eabi/13.3.1/../../../../arm-none-eabi/bin/ld.exe: ./Drivers/stm32-hal-rfm95-master/rfm95.o: in function `rfm95_set_power':
C:/Temp/MPC-MKS/cvlor/lora/Debug/../Drivers/stm32-hal-rfm95-master/rfm95.c:180: multiple definition of `rfm95_set_power'; ./Core/Src/rfm95.o:C:/Temp/MPC-MKS/cvlor/lora/Debug/../Core/Src/rfm95.c:180: first defined here
C:/appz/ST/STM32CubeIDE_1.10.1/STM32CubeIDE/plugins/com.st.stm32cube.ide.mcu.externaltools.gnu-tools-for-stm32.13.3.rel1.win32_1.0.0.202411081344/tools/bin/../lib/gcc/arm-none-eabi/13.3.1/../../../../arm-none-eabi/bin/ld.exe: ./Drivers/stm32-hal-rfm95-master/rfm95.o: in function `rfm95_init':
C:/Temp/MPC-MKS/cvlor/lora/Debug/../Drivers/stm32-hal-rfm95-master/rfm95.c:206: multiple definition of `rfm95_init'; ./Core/Src/rfm95.o:C:/Temp/MPC-MKS/cvlor/lora/Debug/../Core/Src/rfm95.c:206: first defined here
C:/appz/ST/STM32CubeIDE_1.10.1/STM32CubeIDE/plugins/com.st.stm32cube.ide.mcu.externaltools.gnu-tools-for-stm32.13.3.rel1.win32_1.0.0.202411081344/tools/bin/../lib/gcc/arm-none-eabi/13.3.1/../../../../arm-none-eabi/bin/ld.exe: ./Drivers/stm32-hal-rfm95-master/rfm95.o: in function `rfm95_send_receive_cycle':
C:/Temp/MPC-MKS/cvlor/lora/Debug/../Drivers/stm32-hal-rfm95-master/rfm95.c:711: multiple definition of `rfm95_send_receive_cycle'; ./Core/Src/rfm95.o:C:/Temp/MPC-MKS/cvlor/lora/Debug/../Core/Src/rfm95.c:711: first defined here
C:/appz/ST/STM32CubeIDE_1.10.1/STM32CubeIDE/plugins/com.st.stm32cube.ide.mcu.externaltools.gnu-tools-for-stm32.13.3.rel1.win32_1.0.0.202411081344/tools/bin/../lib/gcc/arm-none-eabi/13.3.1/../../../../arm-none-eabi/bin/ld.exe: ./Drivers/stm32-hal-rfm95-master/rfm95.o: in function `rfm95_on_interrupt':
C:/Temp/MPC-MKS/cvlor/lora/Debug/../Drivers/stm32-hal-rfm95-master/rfm95.c:794: multiple definition of `rfm95_on_interrupt'; ./Core/Src/rfm95.o:C:/Temp/MPC-MKS/cvlor/lora/Debug/../Core/Src/rfm95.c:794: first defined here
collect2.exe: error: ld returned 1 exit status
make: *** [makefile:66: lora.elf] Error 1
"make -j4 all" terminated with exit code 2. Build might be incomplete.
09:30:50 **** Incremental Build of configuration Debug for project lora ****
make -j4 all 
arm-none-eabi-gcc "../Drivers/stm32-hal-rfm95-master/rfm95.c" -mcpu=cortex-m4 -std=gnu11 -g3 -DDEBUG -DRFM95_SPI_TIMEOUT=100 -DUSE_HAL_DRIVER -DSTM32F429xx -c -I../Core/Inc -I"C:/Temp/MPC-MKS/cvlor/lora/Drivers/stm32-hal-rfm95-master" -I../Drivers/STM32F4xx_HAL_Driver/Inc -I../Drivers/STM32F4xx_HAL_Driver/Inc/Legacy -I../Drivers/CMSIS/Device/ST/STM32F4xx/Include -I../Drivers/CMSIS/Include -O0 -ffunction-sections -fdata-sections -Wall -fstack-usage -fcyclomatic-complexity -MMD -MP -MF"Drivers/stm32-hal-rfm95-master/rfm95.d" -MT"Drivers/stm32-hal-rfm95-master/rfm95.o" --specs=nano.specs -mfpu=fpv4-sp-d16 -mfloat-abi=hard -mthumb -o "Drivers/stm32-hal-rfm95-master/rfm95.o"
arm-none-eabi-gcc "../Core/Src/main.c" -mcpu=cortex-m4 -std=gnu11 -g3 -DDEBUG -DRFM95_SPI_TIMEOUT=100 -DUSE_HAL_DRIVER -DSTM32F429xx -c -I../Core/Inc -I"C:/Temp/MPC-MKS/cvlor/lora/Drivers/stm32-hal-rfm95-master" -I../Drivers/STM32F4xx_HAL_Driver/Inc -I../Drivers/STM32F4xx_HAL_Driver/Inc/Legacy -I../Drivers/CMSIS/Device/ST/STM32F4xx/Include -I../Drivers/CMSIS/Include -O0 -ffunction-sections -fdata-sections -Wall -fstack-usage -fcyclomatic-complexity -MMD -MP -MF"Core/Src/main.d" -MT"Core/Src/main.o" --specs=nano.specs -mfpu=fpv4-sp-d16 -mfloat-abi=hard -mthumb -o "Core/Src/main.o"
arm-none-eabi-gcc "../Core/Src/rfm95.c" -mcpu=cortex-m4 -std=gnu11 -g3 -DDEBUG -DRFM95_SPI_TIMEOUT=100 -DUSE_HAL_DRIVER -DSTM32F429xx -c -I../Core/Inc -I"C:/Temp/MPC-MKS/cvlor/lora/Drivers/stm32-hal-rfm95-master" -I../Drivers/STM32F4xx_HAL_Driver/Inc -I../Drivers/STM32F4xx_HAL_Driver/Inc/Legacy -I../Drivers/CMSIS/Device/ST/STM32F4xx/Include -I../Drivers/CMSIS/Include -O0 -ffunction-sections -fdata-sections -Wall -fstack-usage -fcyclomatic-complexity -MMD -MP -MF"Core/Src/rfm95.d" -MT"Core/Src/rfm95.o" --specs=nano.specs -mfpu=fpv4-sp-d16 -mfloat-abi=hard -mthumb -o "Core/Src/rfm95.o"
../Drivers/stm32-hal-rfm95-master/rfm95.c: In function 'process_mac_commands':
../Drivers/stm32-hal-rfm95-master/rfm95.c:314:42: warning: unused variable 'frequency' [-Wunused-variable]
  314 |                                 uint32_t frequency = (frequency_lsb | (frequency_msb << 8) | (frequency_hsb << 16)) * 100;
      |                                          ^~~~~~~~~
../Drivers/stm32-hal-rfm95-master/rfm95.c:310:41: warning: unused variable 'dl_settings' [-Wunused-variable]
  310 |                                 uint8_t dl_settings = frame_payload[index++];
      |                                         ^~~~~~~~~~~
../Core/Src/main.c: In function 'main':
../Core/Src/main.c:332:13: error: invalid storage class for function 'MX_RNG_Init'
  332 | static void MX_RNG_Init(void)
      |             ^~~~~~~~~~~
../Core/Src/main.c:358:13: error: invalid storage class for function 'MX_SPI3_Init'
  358 | static void MX_SPI3_Init(void)
      |             ^~~~~~~~~~~~
../Core/Src/main.c:396:13: error: invalid storage class for function 'MX_TIM2_Init'
  396 | static void MX_TIM2_Init(void)
      |             ^~~~~~~~~~~~
../Core/Src/main.c:441:13: error: invalid storage class for function 'MX_USART3_UART_Init'
  441 | static void MX_USART3_UART_Init(void)
      |             ^~~~~~~~~~~~~~~~~~~
../Core/Src/main.c:474:13: error: invalid storage class for function 'MX_GPIO_Init'
  474 | static void MX_GPIO_Init(void)
      |             ^~~~~~~~~~~~
../Core/Src/main.c:618:1: error: expected declaration or statement at end of input
  618 | }
      | ^
../Core/Src/main.c: At top level:
../Core/Src/main.c:57:13: warning: 'MX_GPIO_Init' used but never defined
   57 | static void MX_GPIO_Init(void);
      |             ^~~~~~~~~~~~
../Core/Src/main.c:58:13: warning: 'MX_USART3_UART_Init' used but never defined
   58 | static void MX_USART3_UART_Init(void);
      |             ^~~~~~~~~~~~~~~~~~~
../Core/Src/main.c:59:13: warning: 'MX_SPI3_Init' used but never defined
   59 | static void MX_SPI3_Init(void);
      |             ^~~~~~~~~~~~
../Core/Src/main.c:60:13: warning: 'MX_TIM2_Init' used but never defined
   60 | static void MX_TIM2_Init(void);
      |             ^~~~~~~~~~~~
../Core/Src/main.c:61:13: warning: 'MX_RNG_Init' used but never defined
   61 | static void MX_RNG_Init(void);
      |             ^~~~~~~~~~~
../Core/Src/main.c:609:6: warning: 'Error_Handler' defined but not used [-Wunused-function]
  609 | void Error_Handler(void)
      |      ^~~~~~~~~~~~~
../Core/Src/main.c:474:13: warning: 'MX_GPIO_Init' defined but not used [-Wunused-function]
  474 | static void MX_GPIO_Init(void)
      |             ^~~~~~~~~~~~
../Core/Src/main.c:441:13: warning: 'MX_USART3_UART_Init' defined but not used [-Wunused-function]
  441 | static void MX_USART3_UART_Init(void)
      |             ^~~~~~~~~~~~~~~~~~~
../Core/Src/main.c:396:13: warning: 'MX_TIM2_Init' defined but not used [-Wunused-function]
  396 | static void MX_TIM2_Init(void)
      |             ^~~~~~~~~~~~
../Core/Src/main.c:358:13: warning: 'MX_SPI3_Init' defined but not used [-Wunused-function]
  358 | static void MX_SPI3_Init(void)
      |             ^~~~~~~~~~~~
../Core/Src/main.c:332:13: warning: 'MX_RNG_Init' defined but not used [-Wunused-function]
  332 | static void MX_RNG_Init(void)
      |             ^~~~~~~~~~~
../Core/Src/main.c:286:6: warning: 'SystemClock_Config' defined but not used [-Wunused-function]
  286 | void SystemClock_Config(void)
      |      ^~~~~~~~~~~~~~~~~~
../Core/Src/main.c:203:8: warning: 'HAL_GPIO_EXTI_Callback' defined but not used [-Wunused-function]
  203 |   void HAL_GPIO_EXTI_Callback(uint16_t GPIO_Pin)
      |        ^~~~~~~~~~~~~~~~~~~~~~
../Core/Src/rfm95.c: In function 'process_mac_commands':
../Core/Src/rfm95.c:314:42: warning: unused variable 'frequency' [-Wunused-variable]
  314 |                                 uint32_t frequency = (frequency_lsb | (frequency_msb << 8) | (frequency_hsb << 16)) * 100;
      |                                          ^~~~~~~~~
../Core/Src/rfm95.c:310:41: warning: unused variable 'dl_settings' [-Wunused-variable]
  310 |                                 uint8_t dl_settings = frame_payload[index++];
      |                                         ^~~~~~~~~~~
make: *** [Core/Src/subdir.mk:37: Core/Src/main.o] Error 1
make: *** Waiting for unfinished jobs....
"make -j4 all" terminated with exit code 2. Build might be incomplete.
09:31:26 **** Incremental Build of configuration Debug for project lora ****
make -j4 all 
arm-none-eabi-gcc "../Core/Src/main.c" -mcpu=cortex-m4 -std=gnu11 -g3 -DDEBUG -DRFM95_SPI_TIMEOUT=100 -DUSE_HAL_DRIVER -DSTM32F429xx -c -I../Core/Inc -I"C:/Temp/MPC-MKS/cvlor/lora/Drivers/stm32-hal-rfm95-master" -I../Drivers/STM32F4xx_HAL_Driver/Inc -I../Drivers/STM32F4xx_HAL_Driver/Inc/Legacy -I../Drivers/CMSIS/Device/ST/STM32F4xx/Include -I../Drivers/CMSIS/Include -O0 -ffunction-sections -fdata-sections -Wall -fstack-usage -fcyclomatic-complexity -MMD -MP -MF"Core/Src/main.d" -MT"Core/Src/main.o" --specs=nano.specs -mfpu=fpv4-sp-d16 -mfloat-abi=hard -mthumb -o "Core/Src/main.o"
../Core/Src/main.c: In function 'main':
../Core/Src/main.c:332:13: error: invalid storage class for function 'MX_RNG_Init'
  332 | static void MX_RNG_Init(void)
      |             ^~~~~~~~~~~
../Core/Src/main.c:358:13: error: invalid storage class for function 'MX_SPI3_Init'
  358 | static void MX_SPI3_Init(void)
      |             ^~~~~~~~~~~~
../Core/Src/main.c:396:13: error: invalid storage class for function 'MX_TIM2_Init'
  396 | static void MX_TIM2_Init(void)
      |             ^~~~~~~~~~~~
../Core/Src/main.c:441:13: error: invalid storage class for function 'MX_USART3_UART_Init'
  441 | static void MX_USART3_UART_Init(void)
      |             ^~~~~~~~~~~~~~~~~~~
../Core/Src/main.c:474:13: error: invalid storage class for function 'MX_GPIO_Init'
  474 | static void MX_GPIO_Init(void)
      |             ^~~~~~~~~~~~
../Core/Src/main.c:618:1: error: expected declaration or statement at end of input
  618 | }
      | ^
../Core/Src/main.c: At top level:
../Core/Src/main.c:57:13: warning: 'MX_GPIO_Init' used but never defined
   57 | static void MX_GPIO_Init(void);
      |             ^~~~~~~~~~~~
../Core/Src/main.c:58:13: warning: 'MX_USART3_UART_Init' used but never defined
   58 | static void MX_USART3_UART_Init(void);
      |             ^~~~~~~~~~~~~~~~~~~
../Core/Src/main.c:59:13: warning: 'MX_SPI3_Init' used but never defined
   59 | static void MX_SPI3_Init(void);
      |             ^~~~~~~~~~~~
../Core/Src/main.c:60:13: warning: 'MX_TIM2_Init' used but never defined
   60 | static void MX_TIM2_Init(void);
      |             ^~~~~~~~~~~~
../Core/Src/main.c:61:13: warning: 'MX_RNG_Init' used but never defined
   61 | static void MX_RNG_Init(void);
      |             ^~~~~~~~~~~
../Core/Src/main.c:609:6: warning: 'Error_Handler' defined but not used [-Wunused-function]
  609 | void Error_Handler(void)
      |      ^~~~~~~~~~~~~
../Core/Src/main.c:474:13: warning: 'MX_GPIO_Init' defined but not used [-Wunused-function]
  474 | static void MX_GPIO_Init(void)
      |             ^~~~~~~~~~~~
../Core/Src/main.c:441:13: warning: 'MX_USART3_UART_Init' defined but not used [-Wunused-function]
  441 | static void MX_USART3_UART_Init(void)
      |             ^~~~~~~~~~~~~~~~~~~
../Core/Src/main.c:396:13: warning: 'MX_TIM2_Init' defined but not used [-Wunused-function]
  396 | static void MX_TIM2_Init(void)
      |             ^~~~~~~~~~~~
../Core/Src/main.c:358:13: warning: 'MX_SPI3_Init' defined but not used [-Wunused-function]
  358 | static void MX_SPI3_Init(void)
      |             ^~~~~~~~~~~~
../Core/Src/main.c:332:13: warning: 'MX_RNG_Init' defined but not used [-Wunused-function]
  332 | static void MX_RNG_Init(void)
      |             ^~~~~~~~~~~
../Core/Src/main.c:286:6: warning: 'SystemClock_Config' defined but not used [-Wunused-function]
  286 | void SystemClock_Config(void)
      |      ^~~~~~~~~~~~~~~~~~
../Core/Src/main.c:203:8: warning: 'HAL_GPIO_EXTI_Callback' defined but not used [-Wunused-function]
  203 |   void HAL_GPIO_EXTI_Callback(uint16_t GPIO_Pin)
      |        ^~~~~~~~~~~~~~~~~~~~~~
make: *** [Core/Src/subdir.mk:37: Core/Src/main.o] Error 1
"make -j4 all" terminated with exit code 2. Build might be incomplete.
09:32:44 **** Incremental Build of configuration Debug for project lora ****
make -j4 all 
arm-none-eabi-gcc "../Core/Src/main.c" -mcpu=cortex-m4 -std=gnu11 -g3 -DDEBUG -DRFM95_SPI_TIMEOUT=100 -DUSE_HAL_DRIVER -DSTM32F429xx -c -I../Core/Inc -I"C:/Temp/MPC-MKS/cvlor/lora/Drivers/stm32-hal-rfm95-master" -I../Drivers/STM32F4xx_HAL_Driver/Inc -I../Drivers/STM32F4xx_HAL_Driver/Inc/Legacy -I../Drivers/CMSIS/Device/ST/STM32F4xx/Include -I../Drivers/CMSIS/Include -O0 -ffunction-sections -fdata-sections -Wall -fstack-usage -fcyclomatic-complexity -MMD -MP -MF"Core/Src/main.d" -MT"Core/Src/main.o" --specs=nano.specs -mfpu=fpv4-sp-d16 -mfloat-abi=hard -mthumb -o "Core/Src/main.o"
arm-none-eabi-gcc "../Core/Src/stm32f4xx_hal_msp.c" -mcpu=cortex-m4 -std=gnu11 -g3 -DDEBUG -DRFM95_SPI_TIMEOUT=100 -DUSE_HAL_DRIVER -DSTM32F429xx -c -I../Core/Inc -I"C:/Temp/MPC-MKS/cvlor/lora/Drivers/stm32-hal-rfm95-master" -I../Drivers/STM32F4xx_HAL_Driver/Inc -I../Drivers/STM32F4xx_HAL_Driver/Inc/Legacy -I../Drivers/CMSIS/Device/ST/STM32F4xx/Include -I../Drivers/CMSIS/Include -O0 -ffunction-sections -fdata-sections -Wall -fstack-usage -fcyclomatic-complexity -MMD -MP -MF"Core/Src/stm32f4xx_hal_msp.d" -MT"Core/Src/stm32f4xx_hal_msp.o" --specs=nano.specs -mfpu=fpv4-sp-d16 -mfloat-abi=hard -mthumb -o "Core/Src/stm32f4xx_hal_msp.o"
arm-none-eabi-gcc "../Core/Src/stm32f4xx_it.c" -mcpu=cortex-m4 -std=gnu11 -g3 -DDEBUG -DRFM95_SPI_TIMEOUT=100 -DUSE_HAL_DRIVER -DSTM32F429xx -c -I../Core/Inc -I"C:/Temp/MPC-MKS/cvlor/lora/Drivers/stm32-hal-rfm95-master" -I../Drivers/STM32F4xx_HAL_Driver/Inc -I../Drivers/STM32F4xx_HAL_Driver/Inc/Legacy -I../Drivers/CMSIS/Device/ST/STM32F4xx/Include -I../Drivers/CMSIS/Include -O0 -ffunction-sections -fdata-sections -Wall -fstack-usage -fcyclomatic-complexity -MMD -MP -MF"Core/Src/stm32f4xx_it.d" -MT"Core/Src/stm32f4xx_it.o" --specs=nano.specs -mfpu=fpv4-sp-d16 -mfloat-abi=hard -mthumb -o "Core/Src/stm32f4xx_it.o"
arm-none-eabi-gcc "../Core/Src/syscalls.c" -mcpu=cortex-m4 -std=gnu11 -g3 -DDEBUG -DRFM95_SPI_TIMEOUT=100 -DUSE_HAL_DRIVER -DSTM32F429xx -c -I../Core/Inc -I"C:/Temp/MPC-MKS/cvlor/lora/Drivers/stm32-hal-rfm95-master" -I../Drivers/STM32F4xx_HAL_Driver/Inc -I../Drivers/STM32F4xx_HAL_Driver/Inc/Legacy -I../Drivers/CMSIS/Device/ST/STM32F4xx/Include -I../Drivers/CMSIS/Include -O0 -ffunction-sections -fdata-sections -Wall -fstack-usage -fcyclomatic-complexity -MMD -MP -MF"Core/Src/syscalls.d" -MT"Core/Src/syscalls.o" --specs=nano.specs -mfpu=fpv4-sp-d16 -mfloat-abi=hard -mthumb -o "Core/Src/syscalls.o"
../Core/Src/main.c:198:8: warning: 'HAL_GPIO_EXTI_Callback' defined but not used [-Wunused-function]
  198 |   void HAL_GPIO_EXTI_Callback(uint16_t GPIO_Pin)
      |        ^~~~~~~~~~~~~~~~~~~~~~
arm-none-eabi-gcc "../Core/Src/sysmem.c" -mcpu=cortex-m4 -std=gnu11 -g3 -DDEBUG -DRFM95_SPI_TIMEOUT=100 -DUSE_HAL_DRIVER -DSTM32F429xx -c -I../Core/Inc -I"C:/Temp/MPC-MKS/cvlor/lora/Drivers/stm32-hal-rfm95-master" -I../Drivers/STM32F4xx_HAL_Driver/Inc -I../Drivers/STM32F4xx_HAL_Driver/Inc/Legacy -I../Drivers/CMSIS/Device/ST/STM32F4xx/Include -I../Drivers/CMSIS/Include -O0 -ffunction-sections -fdata-sections -Wall -fstack-usage -fcyclomatic-complexity -MMD -MP -MF"Core/Src/sysmem.d" -MT"Core/Src/sysmem.o" --specs=nano.specs -mfpu=fpv4-sp-d16 -mfloat-abi=hard -mthumb -o "Core/Src/sysmem.o"
arm-none-eabi-gcc "../Core/Src/system_stm32f4xx.c" -mcpu=cortex-m4 -std=gnu11 -g3 -DDEBUG -DRFM95_SPI_TIMEOUT=100 -DUSE_HAL_DRIVER -DSTM32F429xx -c -I../Core/Inc -I"C:/Temp/MPC-MKS/cvlor/lora/Drivers/stm32-hal-rfm95-master" -I../Drivers/STM32F4xx_HAL_Driver/Inc -I../Drivers/STM32F4xx_HAL_Driver/Inc/Legacy -I../Drivers/CMSIS/Device/ST/STM32F4xx/Include -I../Drivers/CMSIS/Include -O0 -ffunction-sections -fdata-sections -Wall -fstack-usage -fcyclomatic-complexity -MMD -MP -MF"Core/Src/system_stm32f4xx.d" -MT"Core/Src/system_stm32f4xx.o" --specs=nano.specs -mfpu=fpv4-sp-d16 -mfloat-abi=hard -mthumb -o "Core/Src/system_stm32f4xx.o"
arm-none-eabi-gcc -o "lora.elf" @"objects.list"   -mcpu=cortex-m4 -T"C:\Temp\MPC-MKS\cvlor\lora\STM32F429ZITX_FLASH.ld" --specs=nosys.specs -Wl,-Map="lora.map" -Wl,--gc-sections -static --specs=nano.specs -mfpu=fpv4-sp-d16 -mfloat-abi=hard -mthumb -Wl,--start-group -lc -lm -Wl,--end-group
Finished building target: lora.elf
 
arm-none-eabi-size  lora.elf 
arm-none-eabi-objdump -h -S lora.elf  > "lora.list"
   text	   data	    bss	    dec	    hex	filename
  30436	    360	   2360	  33156	   8184	lora.elf
Finished building: default.size.stdout
 
Finished building: lora.list
 
09:32:54 **** Incremental Build of configuration Debug for project lora ****
make -j4 all 
arm-none-eabi-size  lora.elf 
   text	   data	    bss	    dec	    hex	filename
  30436	    360	   2360	  33156	   8184	lora.elf
Finished building: default.size.stdout
 
09:34:47 **** Incremental Build of configuration Debug for project lora ****
make -j4 all 
arm-none-eabi-gcc "../Core/Src/main.c" -mcpu=cortex-m4 -std=gnu11 -g3 -DDEBUG -DRFM95_SPI_TIMEOUT=100 -DUSE_HAL_DRIVER -DSTM32F429xx -c -I../Core/Inc -I"C:/Temp/MPC-MKS/cvlor/lora/Drivers/stm32-hal-rfm95-master" -I../Drivers/STM32F4xx_HAL_Driver/Inc -I../Drivers/STM32F4xx_HAL_Driver/Inc/Legacy -I../Drivers/CMSIS/Device/ST/STM32F4xx/Include -I../Drivers/CMSIS/Include -O0 -ffunction-sections -fdata-sections -Wall -fstack-usage -fcyclomatic-complexity -MMD -MP -MF"Core/Src/main.d" -MT"Core/Src/main.o" --specs=nano.specs -mfpu=fpv4-sp-d16 -mfloat-abi=hard -mthumb -o "Core/Src/main.o"
../Core/Src/main.c:200:8: warning: 'HAL_GPIO_EXTI_Callback' defined but not used [-Wunused-function]
  200 |   void HAL_GPIO_EXTI_Callback(uint16_t GPIO_Pin)
      |        ^~~~~~~~~~~~~~~~~~~~~~
arm-none-eabi-gcc -o "lora.elf" @"objects.list"   -mcpu=cortex-m4 -T"C:\Temp\MPC-MKS\cvlor\lora\STM32F429ZITX_FLASH.ld" --specs=nosys.specs -Wl,-Map="lora.map" -Wl,--gc-sections -static --specs=nano.specs -mfpu=fpv4-sp-d16 -mfloat-abi=hard -mthumb -Wl,--start-group -lc -lm -Wl,--end-group
Finished building target: lora.elf
 
arm-none-eabi-size  lora.elf 
arm-none-eabi-objdump -h -S lora.elf  > "lora.list"
   text	   data	    bss	    dec	    hex	filename
  30436	    360	   2360	  33156	   8184	lora.elf
Finished building: default.size.stdout
 
Finished building: lora.list
 
09:44:09 **** Incremental Build of configuration Debug for project lora ****
make -j4 all 
arm-none-eabi-gcc "../Core/Src/main.c" -mcpu=cortex-m4 -std=gnu11 -g3 -DDEBUG -DRFM95_SPI_TIMEOUT=100 -DUSE_HAL_DRIVER -DSTM32F429xx -c -I../Core/Inc -I"C:/Temp/MPC-MKS/cvlor/lora/Drivers/stm32-hal-rfm95-master" -I../Drivers/STM32F4xx_HAL_Driver/Inc -I../Drivers/STM32F4xx_HAL_Driver/Inc/Legacy -I../Drivers/CMSIS/Device/ST/STM32F4xx/Include -I../Drivers/CMSIS/Include -O0 -ffunction-sections -fdata-sections -Wall -fstack-usage -fcyclomatic-complexity -MMD -MP -MF"Core/Src/main.d" -MT"Core/Src/main.o" --specs=nano.specs -mfpu=fpv4-sp-d16 -mfloat-abi=hard -mthumb -o "Core/Src/main.o"
../Core/Src/main.c:200:8: warning: 'HAL_GPIO_EXTI_Callback' defined but not used [-Wunused-function]
  200 |   void HAL_GPIO_EXTI_Callback(uint16_t GPIO_Pin)
      |        ^~~~~~~~~~~~~~~~~~~~~~
arm-none-eabi-gcc -o "lora.elf" @"objects.list"   -mcpu=cortex-m4 -T"C:\Temp\MPC-MKS\cvlor\lora\STM32F429ZITX_FLASH.ld" --specs=nosys.specs -Wl,-Map="lora.map" -Wl,--gc-sections -static --specs=nano.specs -mfpu=fpv4-sp-d16 -mfloat-abi=hard -mthumb -Wl,--start-group -lc -lm -Wl,--end-group
Finished building target: lora.elf
 
arm-none-eabi-size  lora.elf 
arm-none-eabi-objdump -h -S lora.elf  > "lora.list"
   text	   data	    bss	    dec	    hex	filename
  30436	    360	   2360	  33156	   8184	lora.elf
Finished building: default.size.stdout
 
Finished building: lora.list
 
09:52:33 **** Incremental Build of configuration Debug for project lora ****
make -j4 all 
arm-none-eabi-gcc "../Core/Src/main.c" -mcpu=cortex-m4 -std=gnu11 -g3 -DDEBUG -DRFM95_SPI_TIMEOUT=100 -DUSE_HAL_DRIVER -DSTM32F429xx -c -I../Core/Inc -I"C:/Temp/MPC-MKS/cvlor/lora/Drivers/stm32-hal-rfm95-master" -I../Drivers/STM32F4xx_HAL_Driver/Inc -I../Drivers/STM32F4xx_HAL_Driver/Inc/Legacy -I../Drivers/CMSIS/Device/ST/STM32F4xx/Include -I../Drivers/CMSIS/Include -O0 -ffunction-sections -fdata-sections -Wall -fstack-usage -fcyclomatic-complexity -MMD -MP -MF"Core/Src/main.d" -MT"Core/Src/main.o" --specs=nano.specs -mfpu=fpv4-sp-d16 -mfloat-abi=hard -mthumb -o "Core/Src/main.o"
arm-none-eabi-gcc -o "lora.elf" @"objects.list"   -mcpu=cortex-m4 -T"C:\Temp\MPC-MKS\cvlor\lora\STM32F429ZITX_FLASH.ld" --specs=nosys.specs -Wl,-Map="lora.map" -Wl,--gc-sections -static --specs=nano.specs -mfpu=fpv4-sp-d16 -mfloat-abi=hard -mthumb -Wl,--start-group -lc -lm -Wl,--end-group
Finished building target: lora.elf
 
arm-none-eabi-size  lora.elf 
arm-none-eabi-objdump -h -S lora.elf  > "lora.list"
   text	   data	    bss	    dec	    hex	filename
  30472	    360	   2360	  33192	   81a8	lora.elf
Finished building: default.size.stdout
 
Finished building: lora.list
 
09:56:16 **** Incremental Build of configuration Debug for project lora ****
make -j4 all 
arm-none-eabi-gcc "../Core/Src/main.c" -mcpu=cortex-m4 -std=gnu11 -g3 -DDEBUG -DRFM95_SPI_TIMEOUT=100 -DUSE_HAL_DRIVER -DSTM32F429xx -c -I../Core/Inc -I"C:/Temp/MPC-MKS/cvlor/lora/Drivers/stm32-hal-rfm95-master" -I../Drivers/STM32F4xx_HAL_Driver/Inc -I../Drivers/STM32F4xx_HAL_Driver/Inc/Legacy -I../Drivers/CMSIS/Device/ST/STM32F4xx/Include -I../Drivers/CMSIS/Include -O0 -ffunction-sections -fdata-sections -Wall -fstack-usage -fcyclomatic-complexity -MMD -MP -MF"Core/Src/main.d" -MT"Core/Src/main.o" --specs=nano.specs -mfpu=fpv4-sp-d16 -mfloat-abi=hard -mthumb -o "Core/Src/main.o"
arm-none-eabi-gcc -o "lora.elf" @"objects.list"   -mcpu=cortex-m4 -T"C:\Temp\MPC-MKS\cvlor\lora\STM32F429ZITX_FLASH.ld" --specs=nosys.specs -Wl,-Map="lora.map" -Wl,--gc-sections -static --specs=nano.specs -mfpu=fpv4-sp-d16 -mfloat-abi=hard -mthumb -Wl,--start-group -lc -lm -Wl,--end-group
Finished building target: lora.elf
 
arm-none-eabi-size  lora.elf 
arm-none-eabi-objdump -h -S lora.elf  > "lora.list"
   text	   data	    bss	    dec	    hex	filename
  30508	    360	   2360	  33228	   81cc	lora.elf
Finished building: default.size.stdout
 
Finished building: lora.list
 
10:02:36 **** Incremental Build of configuration Debug for project lora ****
make -j4 all 
arm-none-eabi-size  lora.elf 
   text	   data	    bss	    dec	    hex	filename
  30508	    360	   2360	  33228	   81cc	lora.elf
Finished building: default.size.stdout
 
10:08:51 **** Incremental Build of configuration Debug for project lora ****
make -j4 all 
arm-none-eabi-gcc "../Core/Src/main.c" -mcpu=cortex-m4 -std=gnu11 -g3 -DDEBUG -DRFM95_SPI_TIMEOUT=100 -DUSE_HAL_DRIVER -DSTM32F429xx -c -I../Core/Inc -I"C:/Temp/MPC-MKS/cvlor/lora/Drivers/stm32-hal-rfm95-master" -I../Drivers/STM32F4xx_HAL_Driver/Inc -I../Drivers/STM32F4xx_HAL_Driver/Inc/Legacy -I../Drivers/CMSIS/Device/ST/STM32F4xx/Include -I../Drivers/CMSIS/Include -O0 -ffunction-sections -fdata-sections -Wall -fstack-usage -fcyclomatic-complexity -MMD -MP -MF"Core/Src/main.d" -MT"Core/Src/main.o" --specs=nano.specs -mfpu=fpv4-sp-d16 -mfloat-abi=hard -mthumb -o "Core/Src/main.o"
arm-none-eabi-gcc -o "lora.elf" @"objects.list"   -mcpu=cortex-m4 -T"C:\Temp\MPC-MKS\cvlor\lora\STM32F429ZITX_FLASH.ld" --specs=nosys.specs -Wl,-Map="lora.map" -Wl,--gc-sections -static --specs=nano.specs -mfpu=fpv4-sp-d16 -mfloat-abi=hard -mthumb -Wl,--start-group -lc -lm -Wl,--end-group
Finished building target: lora.elf
 
arm-none-eabi-size  lora.elf 
arm-none-eabi-objdump -h -S lora.elf  > "lora.list"
   text	   data	    bss	    dec	    hex	filename
  30508	    360	   2360	  33228	   81cc	lora.elf
Finished building: default.size.stdout
 
Finished building: lora.list
 
10:11:25 **** Incremental Build of configuration Debug for project lora ****
make -j4 all 
arm-none-eabi-gcc "../Core/Src/main.c" -mcpu=cortex-m4 -std=gnu11 -g3 -DDEBUG -DRFM95_SPI_TIMEOUT=100 -DUSE_HAL_DRIVER -DSTM32F429xx -c -I../Core/Inc -I"C:/Temp/MPC-MKS/cvlor/lora/Drivers/stm32-hal-rfm95-master" -I../Drivers/STM32F4xx_HAL_Driver/Inc -I../Drivers/STM32F4xx_HAL_Driver/Inc/Legacy -I../Drivers/CMSIS/Device/ST/STM32F4xx/Include -I../Drivers/CMSIS/Include -O0 -ffunction-sections -fdata-sections -Wall -fstack-usage -fcyclomatic-complexity -MMD -MP -MF"Core/Src/main.d" -MT"Core/Src/main.o" --specs=nano.specs -mfpu=fpv4-sp-d16 -mfloat-abi=hard -mthumb -o "Core/Src/main.o"
arm-none-eabi-gcc -o "lora.elf" @"objects.list"   -mcpu=cortex-m4 -T"C:\Temp\MPC-MKS\cvlor\lora\STM32F429ZITX_FLASH.ld" --specs=nosys.specs -Wl,-Map="lora.map" -Wl,--gc-sections -static --specs=nano.specs -mfpu=fpv4-sp-d16 -mfloat-abi=hard -mthumb -Wl,--start-group -lc -lm -Wl,--end-group
Finished building target: lora.elf
 
arm-none-eabi-size  lora.elf 
arm-none-eabi-objdump -h -S lora.elf  > "lora.list"
   text	   data	    bss	    dec	    hex	filename
  30508	    360	   2360	  33228	   81cc	lora.elf
Finished building: default.size.stdout
 
Finished building: lora.list
 
10:12:13 **** Incremental Build of configuration Debug for project lora ****
make -j4 all 
arm-none-eabi-gcc "../Core/Src/main.c" -mcpu=cortex-m4 -std=gnu11 -g3 -DDEBUG -DRFM95_SPI_TIMEOUT=100 -DUSE_HAL_DRIVER -DSTM32F429xx -c -I../Core/Inc -I"C:/Temp/MPC-MKS/cvlor/lora/Drivers/stm32-hal-rfm95-master" -I../Drivers/STM32F4xx_HAL_Driver/Inc -I../Drivers/STM32F4xx_HAL_Driver/Inc/Legacy -I../Drivers/CMSIS/Device/ST/STM32F4xx/Include -I../Drivers/CMSIS/Include -O0 -ffunction-sections -fdata-sections -Wall -fstack-usage -fcyclomatic-complexity -MMD -MP -MF"Core/Src/main.d" -MT"Core/Src/main.o" --specs=nano.specs -mfpu=fpv4-sp-d16 -mfloat-abi=hard -mthumb -o "Core/Src/main.o"
arm-none-eabi-gcc -o "lora.elf" @"objects.list"   -mcpu=cortex-m4 -T"C:\Temp\MPC-MKS\cvlor\lora\STM32F429ZITX_FLASH.ld" --specs=nosys.specs -Wl,-Map="lora.map" -Wl,--gc-sections -static --specs=nano.specs -mfpu=fpv4-sp-d16 -mfloat-abi=hard -mthumb -Wl,--start-group -lc -lm -Wl,--end-group
Finished building target: lora.elf
 
arm-none-eabi-size  lora.elf 
arm-none-eabi-objdump -h -S lora.elf  > "lora.list"
   text	   data	    bss	    dec	    hex	filename
  30508	    360	   2360	  33228	   81cc	lora.elf
Finished building: default.size.stdout
 
Finished building: lora.list
 
10:14:08 **** Incremental Build of configuration Debug for project lora ****
make -j4 all 
arm-none-eabi-gcc "../Core/Src/main.c" -mcpu=cortex-m4 -std=gnu11 -g3 -DDEBUG -DRFM95_SPI_TIMEOUT=100 -DUSE_HAL_DRIVER -DSTM32F429xx -c -I../Core/Inc -I"C:/Temp/MPC-MKS/cvlor/lora/Drivers/stm32-hal-rfm95-master" -I../Drivers/STM32F4xx_HAL_Driver/Inc -I../Drivers/STM32F4xx_HAL_Driver/Inc/Legacy -I../Drivers/CMSIS/Device/ST/STM32F4xx/Include -I../Drivers/CMSIS/Include -O0 -ffunction-sections -fdata-sections -Wall -fstack-usage -fcyclomatic-complexity -MMD -MP -MF"Core/Src/main.d" -MT"Core/Src/main.o" --specs=nano.specs -mfpu=fpv4-sp-d16 -mfloat-abi=hard -mthumb -o "Core/Src/main.o"
../Core/Src/main.c: In function 'main':
../Core/Src/main.c:221:52: warning: too many arguments for format [-Wformat-extra-args]
  221 |           int len = snprintf(txbuf, sizeof(txbuf), "counter", (unsigned long)counter);
      |                                                    ^~~~~~~~~
arm-none-eabi-gcc -o "lora.elf" @"objects.list"   -mcpu=cortex-m4 -T"C:\Temp\MPC-MKS\cvlor\lora\STM32F429ZITX_FLASH.ld" --specs=nosys.specs -Wl,-Map="lora.map" -Wl,--gc-sections -static --specs=nano.specs -mfpu=fpv4-sp-d16 -mfloat-abi=hard -mthumb -Wl,--start-group -lc -lm -Wl,--end-group
Finished building target: lora.elf
 
arm-none-eabi-size  lora.elf 
arm-none-eabi-objdump -h -S lora.elf  > "lora.list"
   text	   data	    bss	    dec	    hex	filename
  30504	    360	   2360	  33224	   81c8	lora.elf
Finished building: default.size.stdout
 
Finished building: lora.list
 
10:17:55 **** Incremental Build of configuration Debug for project lora ****
make -j4 all 
arm-none-eabi-gcc "../Core/Src/main.c" -mcpu=cortex-m4 -std=gnu11 -g3 -DDEBUG -DRFM95_SPI_TIMEOUT=100 -DUSE_HAL_DRIVER -DSTM32F429xx -c -I../Core/Inc -I"C:/Temp/MPC-MKS/cvlor/lora/Drivers/stm32-hal-rfm95-master" -I../Drivers/STM32F4xx_HAL_Driver/Inc -I../Drivers/STM32F4xx_HAL_Driver/Inc/Legacy -I../Drivers/CMSIS/Device/ST/STM32F4xx/Include -I../Drivers/CMSIS/Include -O0 -ffunction-sections -fdata-sections -Wall -fstack-usage -fcyclomatic-complexity -MMD -MP -MF"Core/Src/main.d" -MT"Core/Src/main.o" --specs=nano.specs -mfpu=fpv4-sp-d16 -mfloat-abi=hard -mthumb -o "Core/Src/main.o"
../Core/Src/main.c: In function 'main':
../Core/Src/main.c:221:52: warning: too many arguments for format [-Wformat-extra-args]
  221 |           int len = snprintf(txbuf, sizeof(txbuf), "vutid", (unsigned long)counter);
      |                                                    ^~~~~~~
arm-none-eabi-gcc -o "lora.elf" @"objects.list"   -mcpu=cortex-m4 -T"C:\Temp\MPC-MKS\cvlor\lora\STM32F429ZITX_FLASH.ld" --specs=nosys.specs -Wl,-Map="lora.map" -Wl,--gc-sections -static --specs=nano.specs -mfpu=fpv4-sp-d16 -mfloat-abi=hard -mthumb -Wl,--start-group -lc -lm -Wl,--end-group
Finished building target: lora.elf
 
arm-none-eabi-size  lora.elf 
arm-none-eabi-objdump -h -S lora.elf  > "lora.list"
   text	   data	    bss	    dec	    hex	filename
  30504	    360	   2360	  33224	   81c8	lora.elf
Finished building: default.size.stdout
 
Finished building: lora.list
 
10:22:40 **** Incremental Build of configuration Debug for project lora ****
make -j4 all 
arm-none-eabi-gcc "../Core/Src/main.c" -mcpu=cortex-m4 -std=gnu11 -g3 -DDEBUG -DRFM95_SPI_TIMEOUT=100 -DUSE_HAL_DRIVER -DSTM32F429xx -c -I../Core/Inc -I"C:/Temp/MPC-MKS/cvlor/lora/Drivers/stm32-hal-rfm95-master" -I../Drivers/STM32F4xx_HAL_Driver/Inc -I../Drivers/STM32F4xx_HAL_Driver/Inc/Legacy -I../Drivers/CMSIS/Device/ST/STM32F4xx/Include -I../Drivers/CMSIS/Include -O0 -ffunction-sections -fdata-sections -Wall -fstack-usage -fcyclomatic-complexity -MMD -MP -MF"Core/Src/main.d" -MT"Core/Src/main.o" --specs=nano.specs -mfpu=fpv4-sp-d16 -mfloat-abi=hard -mthumb -o "Core/Src/main.o"
../Core/Src/main.c: In function 'main':
../Core/Src/main.c:221:52: warning: too many arguments for format [-Wformat-extra-args]
  221 |           int len = snprintf(txbuf, sizeof(txbuf), "vutid", (unsigned long)counter);
      |                                                    ^~~~~~~
arm-none-eabi-gcc -o "lora.elf" @"objects.list"   -mcpu=cortex-m4 -T"C:\Temp\MPC-MKS\cvlor\lora\STM32F429ZITX_FLASH.ld" --specs=nosys.specs -Wl,-Map="lora.map" -Wl,--gc-sections -static --specs=nano.specs -mfpu=fpv4-sp-d16 -mfloat-abi=hard -mthumb -Wl,--start-group -lc -lm -Wl,--end-group
Finished building target: lora.elf
 
arm-none-eabi-size  lora.elf 
arm-none-eabi-objdump -h -S lora.elf  > "lora.list"
   text	   data	    bss	    dec	    hex	filename
  30504	    360	   2360	  33224	   81c8	lora.elf
Finished building: default.size.stdout
 
Finished building: lora.list
 
10:24:07 **** Incremental Build of configuration Debug for project lora ****
make -j4 all 
arm-none-eabi-gcc "../Core/Src/main.c" -mcpu=cortex-m4 -std=gnu11 -g3 -DDEBUG -DRFM95_SPI_TIMEOUT=100 -DUSE_HAL_DRIVER -DSTM32F429xx -c -I../Core/Inc -I"C:/Temp/MPC-MKS/cvlor/lora/Drivers/stm32-hal-rfm95-master" -I../Drivers/STM32F4xx_HAL_Driver/Inc -I../Drivers/STM32F4xx_HAL_Driver/Inc/Legacy -I../Drivers/CMSIS/Device/ST/STM32F4xx/Include -I../Drivers/CMSIS/Include -O0 -ffunction-sections -fdata-sections -Wall -fstack-usage -fcyclomatic-complexity -MMD -MP -MF"Core/Src/main.d" -MT"Core/Src/main.o" --specs=nano.specs -mfpu=fpv4-sp-d16 -mfloat-abi=hard -mthumb -o "Core/Src/main.o"
arm-none-eabi-gcc -o "lora.elf" @"objects.list"   -mcpu=cortex-m4 -T"C:\Temp\MPC-MKS\cvlor\lora\STM32F429ZITX_FLASH.ld" --specs=nosys.specs -Wl,-Map="lora.map" -Wl,--gc-sections -static --specs=nano.specs -mfpu=fpv4-sp-d16 -mfloat-abi=hard -mthumb -Wl,--start-group -lc -lm -Wl,--end-group
Finished building target: lora.elf
 
arm-none-eabi-size  lora.elf 
arm-none-eabi-objdump -h -S lora.elf  > "lora.list"
   text	   data	    bss	    dec	    hex	filename
  30508	    360	   2360	  33228	   81cc	lora.elf
Finished building: default.size.stdout
 
Finished building: lora.list
 
10:25:12 **** Incremental Build of configuration Debug for project lora ****
make -j4 all 
arm-none-eabi-gcc "../Core/Src/main.c" -mcpu=cortex-m4 -std=gnu11 -g3 -DDEBUG -DRFM95_SPI_TIMEOUT=100 -DUSE_HAL_DRIVER -DSTM32F429xx -c -I../Core/Inc -I"C:/Temp/MPC-MKS/cvlor/lora/Drivers/stm32-hal-rfm95-master" -I../Drivers/STM32F4xx_HAL_Driver/Inc -I../Drivers/STM32F4xx_HAL_Driver/Inc/Legacy -I../Drivers/CMSIS/Device/ST/STM32F4xx/Include -I../Drivers/CMSIS/Include -O0 -ffunction-sections -fdata-sections -Wall -fstack-usage -fcyclomatic-complexity -MMD -MP -MF"Core/Src/main.d" -MT"Core/Src/main.o" --specs=nano.specs -mfpu=fpv4-sp-d16 -mfloat-abi=hard -mthumb -o "Core/Src/main.o"
arm-none-eabi-gcc -o "lora.elf" @"objects.list"   -mcpu=cortex-m4 -T"C:\Temp\MPC-MKS\cvlor\lora\STM32F429ZITX_FLASH.ld" --specs=nosys.specs -Wl,-Map="lora.map" -Wl,--gc-sections -static --specs=nano.specs -mfpu=fpv4-sp-d16 -mfloat-abi=hard -mthumb -Wl,--start-group -lc -lm -Wl,--end-group
Finished building target: lora.elf
 
arm-none-eabi-size  lora.elf 
arm-none-eabi-objdump -h -S lora.elf  > "lora.list"
   text	   data	    bss	    dec	    hex	filename
  30508	    360	   2360	  33228	   81cc	lora.elf
Finished building: default.size.stdout
 
Finished building: lora.list
 
10:26:16 **** Incremental Build of configuration Debug for project lora ****
make -j4 all 
arm-none-eabi-size  lora.elf 
   text	   data	    bss	    dec	    hex	filename
  30508	    360	   2360	  33228	   81cc	lora.elf
Finished building: default.size.stdout
 
10:27:03 **** Incremental Build of configuration Debug for project lora ****
make -j4 all 
arm-none-eabi-size  lora.elf 
   text	   data	    bss	    dec	    hex	filename
  30508	    360	   2360	  33228	   81cc	lora.elf
Finished building: default.size.stdout
 
10:30:39 **** Incremental Build of configuration Debug for project lora ****
make -j4 all 
arm-none-eabi-gcc "../Core/Src/main.c" -mcpu=cortex-m4 -std=gnu11 -g3 -DDEBUG -DRFM95_SPI_TIMEOUT=100 -DUSE_HAL_DRIVER -DSTM32F429xx -c -I../Core/Inc -I"C:/Temp/MPC-MKS/cvlor/lora/Drivers/stm32-hal-rfm95-master" -I../Drivers/STM32F4xx_HAL_Driver/Inc -I../Drivers/STM32F4xx_HAL_Driver/Inc/Legacy -I../Drivers/CMSIS/Device/ST/STM32F4xx/Include -I../Drivers/CMSIS/Include -O0 -ffunction-sections -fdata-sections -Wall -fstack-usage -fcyclomatic-complexity -MMD -MP -MF"Core/Src/main.d" -MT"Core/Src/main.o" --specs=nano.specs -mfpu=fpv4-sp-d16 -mfloat-abi=hard -mthumb -o "Core/Src/main.o"
arm-none-eabi-gcc -o "lora.elf" @"objects.list"   -mcpu=cortex-m4 -T"C:\Temp\MPC-MKS\cvlor\lora\STM32F429ZITX_FLASH.ld" --specs=nosys.specs -Wl,-Map="lora.map" -Wl,--gc-sections -static --specs=nano.specs -mfpu=fpv4-sp-d16 -mfloat-abi=hard -mthumb -Wl,--start-group -lc -lm -Wl,--end-group
Finished building target: lora.elf
 
arm-none-eabi-size  lora.elf 
arm-none-eabi-objdump -h -S lora.elf  > "lora.list"
   text	   data	    bss	    dec	    hex	filename
  30508	    360	   2360	  33228	   81cc	lora.elf
Finished building: default.size.stdout
 
Finished building: lora.list
 
10:39:41 **** Incremental Build of configuration Debug for project lora ****
make -j4 all 
arm-none-eabi-gcc "../Core/Src/main.c" -mcpu=cortex-m4 -std=gnu11 -g3 -DDEBUG -DRFM95_SPI_TIMEOUT=100 -DUSE_HAL_DRIVER -DSTM32F429xx -c -I../Core/Inc -I"C:/Temp/MPC-MKS/cvlor/lora/Drivers/stm32-hal-rfm95-master" -I../Drivers/STM32F4xx_HAL_Driver/Inc -I../Drivers/STM32F4xx_HAL_Driver/Inc/Legacy -I../Drivers/CMSIS/Device/ST/STM32F4xx/Include -I../Drivers/CMSIS/Include -O0 -ffunction-sections -fdata-sections -Wall -fstack-usage -fcyclomatic-complexity -MMD -MP -MF"Core/Src/main.d" -MT"Core/Src/main.o" --specs=nano.specs -mfpu=fpv4-sp-d16 -mfloat-abi=hard -mthumb -o "Core/Src/main.o"
../Core/Src/main.c: In function 'main':
../Core/Src/main.c:214:24: warning: unused variable 'BUTTON_DEBOUNCE_MS' [-Wunused-variable]
  214 |         const uint32_t BUTTON_DEBOUNCE_MS = 200;
      |                        ^~~~~~~~~~~~~~~~~~
../Core/Src/main.c:213:18: warning: unused variable 'last_button_ms' [-Wunused-variable]
  213 |         uint32_t last_button_ms = 0;
      |                  ^~~~~~~~~~~~~~
arm-none-eabi-gcc -o "lora.elf" @"objects.list"   -mcpu=cortex-m4 -T"C:\Temp\MPC-MKS\cvlor\lora\STM32F429ZITX_FLASH.ld" --specs=nosys.specs -Wl,-Map="lora.map" -Wl,--gc-sections -static --specs=nano.specs -mfpu=fpv4-sp-d16 -mfloat-abi=hard -mthumb -Wl,--start-group -lc -lm -Wl,--end-group
Finished building target: lora.elf
 
arm-none-eabi-size  lora.elf 
arm-none-eabi-objdump -h -S lora.elf  > "lora.list"
   text	   data	    bss	    dec	    hex	filename
  30528	    360	   2360	  33248	   81e0	lora.elf
Finished building: default.size.stdout
 
Finished building: lora.list
 
10:42:18 **** Incremental Build of configuration Debug for project lora ****
make -j4 all 
arm-none-eabi-gcc "../Core/Src/main.c" -mcpu=cortex-m4 -std=gnu11 -g3 -DDEBUG -DRFM95_SPI_TIMEOUT=100 -DUSE_HAL_DRIVER -DSTM32F429xx -c -I../Core/Inc -I"C:/Temp/MPC-MKS/cvlor/lora/Drivers/stm32-hal-rfm95-master" -I../Drivers/STM32F4xx_HAL_Driver/Inc -I../Drivers/STM32F4xx_HAL_Driver/Inc/Legacy -I../Drivers/CMSIS/Device/ST/STM32F4xx/Include -I../Drivers/CMSIS/Include -O0 -ffunction-sections -fdata-sections -Wall -fstack-usage -fcyclomatic-complexity -MMD -MP -MF"Core/Src/main.d" -MT"Core/Src/main.o" --specs=nano.specs -mfpu=fpv4-sp-d16 -mfloat-abi=hard -mthumb -o "Core/Src/main.o"
arm-none-eabi-gcc -o "lora.elf" @"objects.list"   -mcpu=cortex-m4 -T"C:\Temp\MPC-MKS\cvlor\lora\STM32F429ZITX_FLASH.ld" --specs=nosys.specs -Wl,-Map="lora.map" -Wl,--gc-sections -static --specs=nano.specs -mfpu=fpv4-sp-d16 -mfloat-abi=hard -mthumb -Wl,--start-group -lc -lm -Wl,--end-group
Finished building target: lora.elf
 
arm-none-eabi-size  lora.elf 
arm-none-eabi-objdump -h -S lora.elf  > "lora.list"
   text	   data	    bss	    dec	    hex	filename
  30552	    360	   2360	  33272	   81f8	lora.elf
Finished building: default.size.stdout
 
Finished building: lora.list
 
10:45:52 **** Incremental Build of configuration Debug for project lora ****
make -j4 all 
arm-none-eabi-gcc "../Core/Src/main.c" -mcpu=cortex-m4 -std=gnu11 -g3 -DDEBUG -DRFM95_SPI_TIMEOUT=100 -DUSE_HAL_DRIVER -DSTM32F429xx -c -I../Core/Inc -I"C:/Temp/MPC-MKS/cvlor/lora/Drivers/stm32-hal-rfm95-master" -I../Drivers/STM32F4xx_HAL_Driver/Inc -I../Drivers/STM32F4xx_HAL_Driver/Inc/Legacy -I../Drivers/CMSIS/Device/ST/STM32F4xx/Include -I../Drivers/CMSIS/Include -O0 -ffunction-sections -fdata-sections -Wall -fstack-usage -fcyclomatic-complexity -MMD -MP -MF"Core/Src/main.d" -MT"Core/Src/main.o" --specs=nano.specs -mfpu=fpv4-sp-d16 -mfloat-abi=hard -mthumb -o "Core/Src/main.o"
arm-none-eabi-gcc -o "lora.elf" @"objects.list"   -mcpu=cortex-m4 -T"C:\Temp\MPC-MKS\cvlor\lora\STM32F429ZITX_FLASH.ld" --specs=nosys.specs -Wl,-Map="lora.map" -Wl,--gc-sections -static --specs=nano.specs -mfpu=fpv4-sp-d16 -mfloat-abi=hard -mthumb -Wl,--start-group -lc -lm -Wl,--end-group
Finished building target: lora.elf
 
arm-none-eabi-size  lora.elf 
arm-none-eabi-objdump -h -S lora.elf  > "lora.list"
   text	   data	    bss	    dec	    hex	filename
  30552	    360	   2360	  33272	   81f8	lora.elf
Finished building: default.size.stdout
 
Finished building: lora.list
 
10:47:32 **** Incremental Build of configuration Debug for project lora ****
make -j4 all 
arm-none-eabi-size  lora.elf 
   text	   data	    bss	    dec	    hex	filename
  30552	    360	   2360	  33272	   81f8	lora.elf
Finished building: default.size.stdout
 
10:48:06 **** Incremental Build of configuration Debug for project lora ****
make -j4 all 
arm-none-eabi-size  lora.elf 
   text	   data	    bss	    dec	    hex	filename
  30552	    360	   2360	  33272	   81f8	lora.elf
Finished building: default.size.stdout
 
10:48:28 **** Incremental Build of configuration Debug for project lora ****
make -j4 all 
arm-none-eabi-size  lora.elf 
   text	   data	    bss	    dec	    hex	filename
  30552	    360	   2360	  33272	   81f8	lora.elf
Finished building: default.size.stdout
 
10:55:32 **** Incremental Build of configuration Debug for project lora ****
make -j4 all 
arm-none-eabi-size  lora.elf 
   text	   data	    bss	    dec	    hex	filename
  30552	    360	   2360	  33272	   81f8	lora.elf
Finished building: default.size.stdout
 
